// Jest Snapshot v1, https://goo.gl/fbAQLP

exports[`CheckoutForm renders properly 1`] = `
<div>
  <div>
    <p>
      1
       item
       
      $12.95
    </p>
  </div>
  <div
    className="checkoutForm__section current"
  >
    <h2>
      1. Shipping
    </h2>
  </div>
  <ShippingForm
    setSection={[Function]}
    setValues={[Function]}
  />
  <div
    className="checkoutForm__section "
  >
    <h2>
      2. Billing
    </h2>
  </div>
  <div
    className="checkoutForm__section "
  >
    <h2>
      3. Payment
    </h2>
  </div>
</div>
`;

exports[`ShippingForm renders properly 1`] = `
<div>
  <form
    className="checkoutForm__form"
    onSubmit={[Function]}
  >
    <div
      className="checkoutForm__field"
    >
      <label
        htmlFor="firstName"
      >
        First Name
        <span
          className="required"
        >
          *
        </span>
      </label>
      <input
        name="firstName"
        onChange={[Function]}
        type="text"
        value=""
      />
      <span
        className="checkoutForm__error"
      />
    </div>
    <div
      className="checkoutForm__field"
    >
      <label
        htmlFor="lastName"
      >
        Last Name
        <span
          className="required"
        >
          *
        </span>
      </label>
      <input
        name="lastName"
        onChange={[Function]}
        type="text"
        value=""
      />
      <span
        className="checkoutForm__error"
      />
    </div>
    <div
      className="checkoutForm__field"
    >
      <label
        htmlFor="addressOne"
      >
        Address Line 1
        <span
          className="required"
        >
          *
        </span>
      </label>
      <input
        name="addressOne"
        onChange={[Function]}
        type="text"
        value=""
      />
      <span
        className="checkoutForm__error"
      />
    </div>
    <div
      className="checkoutForm__field"
    >
      <label
        htmlFor="addressTwo"
      >
        Address Line 2
      </label>
      <input
        name="addressTwo"
        onChange={[Function]}
        type="text"
        value=""
      />
      <span
        className="checkoutForm__error"
      />
    </div>
    <div
      className="checkoutForm__field"
    >
      <label
        htmlFor="municipality"
      >
        Municipality
        <span
          className="required"
        >
          *
        </span>
      </label>
      <input
        name="municipality"
        onChange={[Function]}
        type="text"
        value=""
      />
      <span
        className="checkoutForm__error"
      />
    </div>
    <div
      className="checkoutForm__field"
    >
      <label
        htmlFor="provinceTerritory"
      >
        Province/Territory
        <span
          className="required"
        >
          *
        </span>
      </label>
      <input
        name="provinceTerritory"
        onChange={[Function]}
        type="text"
        value=""
      />
      <span
        className="checkoutForm__error"
      />
    </div>
    <div
      className="checkoutForm__field"
    >
      <label
        htmlFor="postalCode"
      >
        Postal Code
        <span
          className="required"
        >
          *
        </span>
      </label>
      <input
        name="postalCode"
        onChange={[Function]}
        type="text"
        value=""
      />
      <span
        className="checkoutForm__error"
      />
    </div>
    <h3>
      Shipping Method
    </h3>
    <div>
      <input
        checked={true}
        className="checkoutForm__shippingOption"
        id="standard"
        name="shipping"
        onChange={[Function]}
        type="radio"
        value="standard"
      />
      <label
        htmlFor="standard"
      >
        Standard
      </label>
      <input
        checked={false}
        className="checkoutForm__shippingOption"
        id="express"
        name="shipping"
        onChange={[Function]}
        type="radio"
        value="express"
      />
      <label
        htmlFor="express"
      >
        Express
      </label>
    </div>
    <div
      className="checkoutForm__field"
    >
      <label
        htmlFor="phone"
      >
        Phone Number
        <span
          className="required"
        >
          *
        </span>
      </label>
      <input
        name="phone"
        onChange={[Function]}
        type="text"
        value=""
      />
      <span
        className="checkoutForm__error"
      />
    </div>
    <div
      className="checkoutForm__field"
    >
      <label
        htmlFor="email"
      >
        Email
        <span
          className="required"
        >
          *
        </span>
      </label>
      <input
        name="email"
        onChange={[Function]}
        type="text"
        value=""
      />
      <span
        className="checkoutForm__error"
      />
    </div>
    <button
      className="checkoutForm__submitButton"
      type="submit"
    >
      continue to billing
    </button>
  </form>
</div>
`;
